Autosar/Bfx/src/Bfx_8bits.c:10:6:Bfx_SetBit_u8u8	8	static
Autosar/Bfx/src/Bfx_8bits.c:15:6:Bfx_ClrBit_u8u8	8	static
Autosar/Bfx/src/Bfx_8bits.c:20:6:Bfx_GetBit_u8u8_u8	8	static
Autosar/Bfx/src/Bfx_8bits.c:32:6:Bfx_SetBits_u8u8u8u8	16	static
Autosar/Bfx/src/Bfx_8bits.c:45:9:Bfx_GetBits_u8u8u8_u8	16	static
Autosar/Bfx/src/Bfx_8bits.c:52:6:Bfx_SetBitsMask_u8u8	8	static
Autosar/Bfx/src/Bfx_8bits.c:57:6:Bfx_ClrBitMask_u8u8	8	static
Autosar/Bfx/src/Bfx_8bits.c:62:6:Bfx_TstBitMask_u8u8_u8	8	static
Autosar/Bfx/src/Bfx_8bits.c:75:6:Bfx_TstBitLnMask_u8u8_u8	8	static
Autosar/Bfx/src/Bfx_8bits.c:88:6:Bfx_TstParityEven_u8_u8	16	static
Autosar/Bfx/src/Bfx_8bits.c:109:6:Bfx_ToggleBits_u8	8	static
Autosar/Bfx/src/Bfx_8bits.c:114:6:Bfx_ToggleBitMask_u8u8	8	static
Autosar/Bfx/src/Bfx_8bits.c:120:6:Bfx_ShiftBitRt_u8u8	8	static
Autosar/Bfx/src/Bfx_8bits.c:133:6:Bfx_ShiftBitLt_u8u8	8	static
Autosar/Bfx/src/Bfx_8bits.c:145:6:Bfx_RotBitRt_u8u8	8	static
Autosar/Bfx/src/Bfx_8bits.c:153:6:Bfx_RotBitLt_u8u8	8	static
Autosar/Bfx/src/Bfx_8bits.c:161:6:Bfx_CopyBit_u8u8u8u8	16	static
Autosar/Bfx/src/Bfx_8bits.c:169:6:Bfx_PutBits_u8u8u8u8	16	static
Autosar/Bfx/src/Bfx_8bits.c:178:6:Bfx_PutBitsMask_u8u8u8	8	static
Autosar/Bfx/src/Bfx_8bits.c:183:6:Bfx_PutBit_u8u8u8	16	static
Autosar/Bfx/src/Bfx_8bits.c:196:9:Bfx_ShiftBitSat_u8s8_u8	16	static
Autosar/Bfx/src/Bfx_8bits.c:233:8:Bfx_ShiftBitSat_s8s8_s8	16	static
Autosar/Bfx/src/Bfx_8bits.c:270:9:Bfx_CountLeadingOnes_u8	16	static
Autosar/Bfx/src/Bfx_8bits.c:286:9:Bfx_CountLeadingSigns_u8	16	static
Autosar/Bfx/src/Bfx_8bits.c:301:9:Bfx_CountLeadingZeros_u8	16	static
Autosar/Bfx/src/Bfx_8bits.c:315:7:MemCopy_u8	32	static
Autosar/Bfx/src/Bfx_8bits.c:327:7:MemCopy_optimized	40	static
Autosar/Bfx/src/Bfx_8bits.c:349:6:memCopy	32	static
Autosar/Bfx/src/Bfx_8bits.c:361:10:Copybytes	8	static
