Autosar/Bfx/src/Bfx_32bits.c:6:6:Bfx_SetBit_u32u8	8	static
Autosar/Bfx/src/Bfx_32bits.c:10:6:Bfx_ClrBit_u32u8	8	static
Autosar/Bfx/src/Bfx_32bits.c:15:6:Bfx_GetBit_u32u8_u8	8	static
Autosar/Bfx/src/Bfx_32bits.c:27:6:Bfx_SetBits_u32u8u8u8	16	static
Autosar/Bfx/src/Bfx_32bits.c:40:10:Bfx_GetBits_u32u8u8_u8	16	static
Autosar/Bfx/src/Bfx_32bits.c:47:6:Bfx_SetBitsMask_u32u32	8	static
Autosar/Bfx/src/Bfx_32bits.c:52:6:Bfx_ClrBitMask_u32u32	8	static
Autosar/Bfx/src/Bfx_32bits.c:57:6:Bfx_TstBitMask_u32u32_u8	8	static
Autosar/Bfx/src/Bfx_32bits.c:70:6:Bfx_TstBitLnMask_u32u32_u8	8	static
Autosar/Bfx/src/Bfx_32bits.c:83:6:Bfx_TstParityEven_u32_u8	16	static
Autosar/Bfx/src/Bfx_32bits.c:104:6:Bfx_ToggleBits_u32	8	static
Autosar/Bfx/src/Bfx_32bits.c:109:6:Bfx_ToggleBitMask_u32u32	8	static
Autosar/Bfx/src/Bfx_32bits.c:115:6:Bfx_ShiftBitRt_u32u8	8	static
Autosar/Bfx/src/Bfx_32bits.c:127:6:Bfx_ShiftBitLt_u32u8	8	static
Autosar/Bfx/src/Bfx_32bits.c:139:6:Bfx_RotBitRt_u32u8	8	static
Autosar/Bfx/src/Bfx_32bits.c:147:6:Bfx_RotBitLt_u32u8	8	static
Autosar/Bfx/src/Bfx_32bits.c:155:6:Bfx_CopyBit_u32u8u32u8	24	static
Autosar/Bfx/src/Bfx_32bits.c:163:6:Bfx_PutBits_u32u8u8u8	24	static
Autosar/Bfx/src/Bfx_32bits.c:172:6:Bfx_PutBitsMask_u32u32u32	16	static
Autosar/Bfx/src/Bfx_32bits.c:177:6:Bfx_PutBit_u32u8u8	16	static
Autosar/Bfx/src/Bfx_32bits.c:190:10:Bfx_ShiftBitSat_u32s8_u32	16	static
Autosar/Bfx/src/Bfx_32bits.c:227:9:Bfx_ShiftBitSat_s32s8_s32	16	static
Autosar/Bfx/src/Bfx_32bits.c:264:10:Bfx_CountLeadingOnes_u32	16	static
Autosar/Bfx/src/Bfx_32bits.c:279:10:Bfx_CountLeadingSigns_s32	16	static
Autosar/Bfx/src/Bfx_32bits.c:294:10:Bfx_CountLeadingZeros_u32	16	static
