Autosar/Mcal/Mem/src/Ftfc_Mem_InFls_Ip.c:324:13:Ftfc_Mem_InFls_Ip_CalculateDFlashBitSize	16	static
Autosar/Mcal/Mem/src/Ftfc_Mem_InFls_Ip.c:415:37:Ftfc_Mem_InFls_Ip_CheckFProtReg	24	static
Autosar/Mcal/Mem/src/Ftfc_Mem_InFls_Ip.c:511:30:Ftfc_Mem_InFls_Ip_Init	16	static
Autosar/Mcal/Mem/src/Ftfc_Mem_InFls_Ip.c:530:30:Ftfc_Mem_InFls_Ip_Abort	16	static
Autosar/Mcal/Mem/src/Ftfc_Mem_InFls_Ip.c:548:37:Ftfc_Mem_InFls_Ip_WaitForOperationFinish	24	static
Autosar/Mcal/Mem/src/Ftfc_Mem_InFls_Ip.c:596:13:Ftfc_Mem_InFls_Ip_SynchronizeCache	16	static
Autosar/Mcal/Mem/src/Ftfc_Mem_InFls_Ip.c:624:15:Ftfc_ComputeReadSize	24	static
Autosar/Mcal/Mem/src/Ftfc_Mem_InFls_Ip.c:677:22:Ftfc_Mem_InFls_Ip_ReadData32	8	static
Autosar/Mcal/Mem/src/Ftfc_Mem_InFls_Ip.c:687:22:Ftfc_Mem_InFls_Ip_ReadData16	8	static
Autosar/Mcal/Mem/src/Ftfc_Mem_InFls_Ip.c:697:21:Ftfc_Mem_InFls_Ip_ReadData8	8	static
Autosar/Mcal/Mem/src/Ftfc_Mem_InFls_Ip.c:707:13:Ftfc_Mem_InFls_Ip_ReadData	24	static
Autosar/Mcal/Mem/src/Ftfc_Mem_InFls_Ip.c:738:16:Ftfc_Mem_InFls_Ip_CheckValidRange	16	static
Autosar/Mcal/Mem/src/Ftfc_Mem_InFls_Ip.c:763:37:Ftfc_Mem_InFls_Ip_ReadPreCheck	32	static
Autosar/Mcal/Mem/src/Ftfc_Mem_InFls_Ip.c:796:30:Ftfc_Mem_InFls_Ip_Read	48	static
Autosar/Mcal/Mem/src/Ftfc_Mem_InFls_Ip.c:887:37:Ftfc_Mem_InFls_Ip_ReadStatus	16	static
Autosar/Mcal/Mem/src/Ftfc_Mem_InFls_Ip.c:932:37:Ftfc_Mem_InFls_Ip_ComparePreCheck	24	static
Autosar/Mcal/Mem/src/Ftfc_Mem_InFls_Ip.c:961:30:Ftfc_Mem_InFls_Ip_Compare	32	static
Autosar/Mcal/Mem/src/Ftfc_Mem_InFls_Ip.c:1006:13:Ftfc_Mem_InFls_Ip_ProgramVerify	48	static
Autosar/Mcal/Mem/src/Ftfc_Mem_InFls_Ip.c:1093:13:Ftfc_Mem_InFls_Ip_EraseVerify	40	static
Autosar/Mcal/Mem/src/Ftfc_Mem_InFls_Ip.c:1179:37:Ftfc_Mem_InFls_Ip_SectorErasePreCheck	24	static
Autosar/Mcal/Mem/src/Ftfc_Mem_InFls_Ip.c:1212:30:Ftfc_Mem_InFls_Ip_SectorErase	24	static
Autosar/Mcal/Mem/src/Ftfc_Mem_InFls_Ip.c:1269:30:Ftfc_Mem_InFls_Ip_EraseSuspend	24	static
Autosar/Mcal/Mem/src/Ftfc_Mem_InFls_Ip.c:1320:30:Ftfc_Mem_InFls_Ip_EraseResume	24	static
Autosar/Mcal/Mem/src/Ftfc_Mem_InFls_Ip.c:1382:30:Ftfc_Mem_InFls_Ip_SectorEraseStatus	16	static
Autosar/Mcal/Mem/src/Ftfc_Mem_InFls_Ip.c:1438:37:Ftfc_Mem_InFls_Ip_WritePreCheck	32	static
Autosar/Mcal/Mem/src/Ftfc_Mem_InFls_Ip.c:1473:30:Ftfc_Mem_InFls_Ip_Write	32	static
Autosar/Mcal/Mem/src/Ftfc_Mem_InFls_Ip.c:1549:30:Ftfc_Mem_InFls_Ip_WriteStatus	16	static
Autosar/Mcal/Mem/src/Ftfc_Mem_InFls_Ip.c:1594:37:Ftfc_Mem_InFls_Ip_AbortSuspended	16	static
Autosar/Mcal/Mem/src/Ftfc_Mem_InFls_Ip.c:1636:30:Ftfc_Mem_InFls_Ip_CtrlStatus	16	static
Autosar/Mcal/Mem/src/Ftfc_Mem_InFls_Ip.c:1685:37:Ftfc_Mem_InFls_Ip_ControllerBusy	8	static
Autosar/Mcal/Mem/src/Ftfc_Mem_InFls_Ip.c:1708:13:Ftfc_Mem_InFls_Ip_ClearErrorFlags	0	static
Autosar/Mcal/Mem/src/Ftfc_Mem_InFls_Ip.c:1715:13:Ftfc_Mem_InFls_Ip_LoadFCCOBParams	32	static
Autosar/Mcal/Mem/src/Ftfc_Mem_InFls_Ip.c:1758:15:Ftfc_Mem_InFls_Ip_ConvertSysToFTFEAddr	16	static
Autosar/Mcal/Mem/src/Ftfc_Mem_InFls_Ip.c:1787:41:Ftfc_Mem_InFls_Ip_GetBlockNumberFromAddress	16	static
Autosar/Mcal/Mem/src/Ftfc_Mem_InFls_Ip.c:1820:6:Ftfc_Mem_InFls_Ip_ReportEccUnCorrectedError	0	static
Autosar/Mcal/Mem/src/Ftfc_Mem_InFls_Ip.c:1830:13:Ftfc_Mem_InFls_Ip_InvalidPrefetchBuff	8	static
Autosar/Mcal/Mem/src/Ftfc_Mem_InFls_Ip.c:1851:6:Ftfc_Mem_InFls_Ip_SetLoadAcStatus	8	static
Autosar/Mcal/Mem/src/Ftfc_Mem_InFls_Ip.c:1861:13:Ftfc_Mem_InFls_Ip_FlashAccessCalloutStart	8	static
Autosar/Mcal/Mem/src/Ftfc_Mem_InFls_Ip.c:1874:13:Ftfc_Mem_InFls_Ip_FlashAccessCalloutFinish	8	static
Autosar/Mcal/Mem/src/Ftfc_Mem_InFls_Ip.c:1898:6:Ftfc_Mem_InFls_Ip_InvalidPrefetchBuff_Ram	8	static
