Autosar/Mcal/Mem/src/Mem_43_INFLS_Ipw.c:265:13:Mem_43_INFLS_IPW_UpdateJobProcessedLength	8	static
Autosar/Mcal/Mem/src/Mem_43_INFLS_Ipw.c:285:32:Mem_43_INFLS_IPW_ComputeReadLength	16	static
Autosar/Mcal/Mem/src/Mem_43_INFLS_Ipw.c:299:32:Mem_43_INFLS_IPW_ComputeEraseLength	16	static
Autosar/Mcal/Mem/src/Mem_43_INFLS_Ipw.c:323:32:Mem_43_INFLS_IPW_ComputeWriteLength	16	static
Autosar/Mcal/Mem/src/Mem_43_INFLS_Ipw.c:342:35:Mem_43_INFLS_IPW_TranslateReturnCode	16	static
Autosar/Mcal/Mem/src/Mem_43_INFLS_Ipw.c:387:13:Mem_43_INFLS_IPW_LoadAc	24	static
Autosar/Mcal/Mem/src/Mem_43_INFLS_Ipw.c:431:13:Mem_43_INFLS_IPW_UnloadAc	24	static
Autosar/Mcal/Mem/src/Mem_43_INFLS_Ipw.c:457:20:Mem_43_INFLS_IPW_CheckLoadAc	32	static
Autosar/Mcal/Mem/src/Mem_43_INFLS_Ipw.c:496:20:Mem_43_INFLS_IPW_CheckUnLoadAc	16	static
Autosar/Mcal/Mem/src/Mem_43_INFLS_Ipw.c:519:16:Mem_43_INFLS_IPW_Init	24	static
Autosar/Mcal/Mem/src/Mem_43_INFLS_Ipw.c:555:28:Mem_43_INFLS_IPW_Read	32	static
Autosar/Mcal/Mem/src/Mem_43_INFLS_Ipw.c:618:28:Mem_43_INFLS_IPW_Compare	32	static
Autosar/Mcal/Mem/src/Mem_43_INFLS_Ipw.c:682:28:Mem_43_INFLS_IPW_BlankCheck	32	static
Autosar/Mcal/Mem/src/Mem_43_INFLS_Ipw.c:745:28:Mem_43_INFLS_IPW_Erase	32	static
Autosar/Mcal/Mem/src/Mem_43_INFLS_Ipw.c:818:28:Mem_43_INFLS_IPW_EraseSuspend	24	static
Autosar/Mcal/Mem/src/Mem_43_INFLS_Ipw.c:836:28:Mem_43_INFLS_IPW_EraseResume	24	static
Autosar/Mcal/Mem/src/Mem_43_INFLS_Ipw.c:856:28:Mem_43_INFLS_IPW_Write	32	static
Autosar/Mcal/Mem/src/Mem_43_INFLS_Ipw.c:928:28:Mem_43_INFLS_IPW_GetJobResult	24	static
Autosar/Mcal/Mem/src/Mem_43_INFLS_Ipw.c:963:28:Mem_43_INFLS_IPW_Cancel	24	static
Autosar/Mcal/Mem/src/Mem_43_INFLS_Ipw.c:987:6:Mem_43_INFLS_IPW_ReportEccValueToLayerUnder	8	static
