Autosar/Mcal/Mem/src/Mem_43_INFLS.c:177:13:Mem_43_INFLS_ReportDevError	16	static
Autosar/Mcal/Mem/src/Mem_43_INFLS.c:197:23:Mem_43_INFLS_ValidateConfigCRC	8	static
Autosar/Mcal/Mem/src/Mem_43_INFLS.c:208:13:Mem_43_INFLS_IncreasePtr	8	static
Autosar/Mcal/Mem/src/Mem_43_INFLS.c:216:15:Mem_43_INFLS_GetInstanceIndex	16	static
Autosar/Mcal/Mem/src/Mem_43_INFLS.c:238:45:Mem_43_INFLS_GetSectorBatch	40	static
Autosar/Mcal/Mem/src/Mem_43_INFLS.c:279:15:Mem_43_INFLS_CheckSectorAligned	32	static
Autosar/Mcal/Mem/src/Mem_43_INFLS.c:311:15:Mem_43_INFLS_CheckWritePageAligned	32	static
Autosar/Mcal/Mem/src/Mem_43_INFLS.c:345:15:Mem_43_INFLS_ValidateAddressAndLength	24	static
Autosar/Mcal/Mem/src/Mem_43_INFLS.c:387:15:Mem_43_INFLS_ValidateInstanceId	24	static
Autosar/Mcal/Mem/src/Mem_43_INFLS.c:410:22:Mem_43_INFLS_ValidateModuleInitialized	8	static
Autosar/Mcal/Mem/src/Mem_43_INFLS.c:430:15:Mem_43_INFLS_ValidateParamJobCommon	24	static
Autosar/Mcal/Mem/src/Mem_43_INFLS.c:456:22:Mem_43_INFLS_ValidateDataPointer	16	static
Autosar/Mcal/Mem/src/Mem_43_INFLS.c:473:15:Mem_43_INFLS_ValidateParamJobDataTransfer	24	static
Autosar/Mcal/Mem/src/Mem_43_INFLS.c:493:13:Mem_43_INFLS_InitJobRequest	16	static
Autosar/Mcal/Mem/src/Mem_43_INFLS.c:522:15:Mem_43_INFLS_ConfigureJobRequest	24	static
Autosar/Mcal/Mem/src/Mem_43_INFLS.c:548:35:Mem_43_INFLS_ProcessHwSpecificServiceJob	24	static
Autosar/Mcal/Mem/src/Mem_43_INFLS.c:569:35:Mem_43_INFLS_DoRequestedJobs	24	static
Autosar/Mcal/Mem/src/Mem_43_INFLS.c:622:13:Mem_43_INFLS_ProcessRequestedJobs	24	static
Autosar/Mcal/Mem/src/Mem_43_INFLS.c:655:23:Mem_43_INFLS_Compare	80	static
Autosar/Mcal/Mem/src/Mem_43_INFLS.c:791:6:Mem_43_INFLS_Init	32	static
Autosar/Mcal/Mem/src/Mem_43_INFLS.c:852:6:Mem_43_INFLS_DeInit	16	static
Autosar/Mcal/Mem/src/Mem_43_INFLS.c:902:6:Mem_43_INFLS_GetVersionInfo	16	static
Autosar/Mcal/Mem/src/Mem_43_INFLS.c:938:28:Mem_43_INFLS_GetJobResult	24	static
Autosar/Mcal/Mem/src/Mem_43_INFLS.c:972:16:Mem_43_INFLS_Suspend	32	static
Autosar/Mcal/Mem/src/Mem_43_INFLS.c:1052:16:Mem_43_INFLS_Resume	32	static
Autosar/Mcal/Mem/src/Mem_43_INFLS.c:1144:16:Mem_43_INFLS_Read	80	static
Autosar/Mcal/Mem/src/Mem_43_INFLS.c:1210:16:Mem_43_INFLS_Write	88	static
Autosar/Mcal/Mem/src/Mem_43_INFLS.c:1281:16:Mem_43_INFLS_Erase	80	static
Autosar/Mcal/Mem/src/Mem_43_INFLS.c:1347:16:Mem_43_INFLS_BlankCheck	80	static
Autosar/Mcal/Mem/src/Mem_43_INFLS.c:1415:16:Mem_43_INFLS_HwSpecificService	32	static
Autosar/Mcal/Mem/src/Mem_43_INFLS.c:1478:6:Mem_43_INFLS_PropagateError	24	static
Autosar/Mcal/Mem/src/Mem_43_INFLS.c:1542:6:Mem_43_INFLS_MainFunction	16	static
